Archive member included to satisfy reference by file (symbol)

/opt/st/stm32cubeide_1.9.0/plugins/com.st.stm32cube.ide.mcu.externaltools.gnu-tools-for-stm32.10.3-2021.10.linux64_1.0.0.202111181127/tools/bin/../lib/gcc/arm-none-eabi/10.3.1/../../../../arm-none-eabi/lib/thumb/v7e-m+fp/hard/libc_nano.a(lib_a-errno.o)
                              ./Core/Src/syscalls.o (__errno)
/opt/st/stm32cubeide_1.9.0/plugins/com.st.stm32cube.ide.mcu.externaltools.gnu-tools-for-stm32.10.3-2021.10.linux64_1.0.0.202111181127/tools/bin/../lib/gcc/arm-none-eabi/10.3.1/../../../../arm-none-eabi/lib/thumb/v7e-m+fp/hard/libc_nano.a(lib_a-exit.o)
                              /opt/st/stm32cubeide_1.9.0/plugins/com.st.stm32cube.ide.mcu.externaltools.gnu-tools-for-stm32.10.3-2021.10.linux64_1.0.0.202111181127/tools/bin/../lib/gcc/arm-none-eabi/10.3.1/../../../../arm-none-eabi/lib/thumb/v7e-m+fp/hard/crt0.o (exit)
/opt/st/stm32cubeide_1.9.0/plugins/com.st.stm32cube.ide.mcu.externaltools.gnu-tools-for-stm32.10.3-2021.10.linux64_1.0.0.202111181127/tools/bin/../lib/gcc/arm-none-eabi/10.3.1/../../../../arm-none-eabi/lib/thumb/v7e-m+fp/hard/libc_nano.a(lib_a-impure.o)
                              /opt/st/stm32cubeide_1.9.0/plugins/com.st.stm32cube.ide.mcu.externaltools.gnu-tools-for-stm32.10.3-2021.10.linux64_1.0.0.202111181127/tools/bin/../lib/gcc/arm-none-eabi/10.3.1/../../../../arm-none-eabi/lib/thumb/v7e-m+fp/hard/libc_nano.a(lib_a-exit.o) (_global_impure_ptr)
/opt/st/stm32cubeide_1.9.0/plugins/com.st.stm32cube.ide.mcu.externaltools.gnu-tools-for-stm32.10.3-2021.10.linux64_1.0.0.202111181127/tools/bin/../lib/gcc/arm-none-eabi/10.3.1/../../../../arm-none-eabi/lib/thumb/v7e-m+fp/hard/libc_nano.a(lib_a-init.o)
                              /opt/st/stm32cubeide_1.9.0/plugins/com.st.stm32cube.ide.mcu.externaltools.gnu-tools-for-stm32.10.3-2021.10.linux64_1.0.0.202111181127/tools/bin/../lib/gcc/arm-none-eabi/10.3.1/../../../../arm-none-eabi/lib/thumb/v7e-m+fp/hard/crt0.o (__libc_init_array)
/opt/st/stm32cubeide_1.9.0/plugins/com.st.stm32cube.ide.mcu.externaltools.gnu-tools-for-stm32.10.3-2021.10.linux64_1.0.0.202111181127/tools/bin/../lib/gcc/arm-none-eabi/10.3.1/../../../../arm-none-eabi/lib/thumb/v7e-m+fp/hard/libc_nano.a(lib_a-memset.o)
                              /opt/st/stm32cubeide_1.9.0/plugins/com.st.stm32cube.ide.mcu.externaltools.gnu-tools-for-stm32.10.3-2021.10.linux64_1.0.0.202111181127/tools/bin/../lib/gcc/arm-none-eabi/10.3.1/../../../../arm-none-eabi/lib/thumb/v7e-m+fp/hard/crt0.o (memset)
/opt/st/stm32cubeide_1.9.0/plugins/com.st.stm32cube.ide.mcu.externaltools.gnu-tools-for-stm32.10.3-2021.10.linux64_1.0.0.202111181127/tools/bin/../lib/gcc/arm-none-eabi/10.3.1/thumb/v7e-m+fp/hard/libgcc.a(_aeabi_uldivmod.o)
                              ./Drivers/STM32F4xx_HAL_Driver/Src/stm32f4xx_hal_rcc.o (__aeabi_uldivmod)
/opt/st/stm32cubeide_1.9.0/plugins/com.st.stm32cube.ide.mcu.externaltools.gnu-tools-for-stm32.10.3-2021.10.linux64_1.0.0.202111181127/tools/bin/../lib/gcc/arm-none-eabi/10.3.1/thumb/v7e-m+fp/hard/libgcc.a(_udivmoddi4.o)
                              /opt/st/stm32cubeide_1.9.0/plugins/com.st.stm32cube.ide.mcu.externaltools.gnu-tools-for-stm32.10.3-2021.10.linux64_1.0.0.202111181127/tools/bin/../lib/gcc/arm-none-eabi/10.3.1/thumb/v7e-m+fp/hard/libgcc.a(_aeabi_uldivmod.o) (__udivmoddi4)
/opt/st/stm32cubeide_1.9.0/plugins/com.st.stm32cube.ide.mcu.externaltools.gnu-tools-for-stm32.10.3-2021.10.linux64_1.0.0.202111181127/tools/bin/../lib/gcc/arm-none-eabi/10.3.1/thumb/v7e-m+fp/hard/libgcc.a(_dvmd_tls.o)
                              /opt/st/stm32cubeide_1.9.0/plugins/com.st.stm32cube.ide.mcu.externaltools.gnu-tools-for-stm32.10.3-2021.10.linux64_1.0.0.202111181127/tools/bin/../lib/gcc/arm-none-eabi/10.3.1/thumb/v7e-m+fp/hard/libgcc.a(_aeabi_uldivmod.o) (__aeabi_ldiv0)

Discarded input sections

 .text          0x0000000000000000        0x0 /opt/st/stm32cubeide_1.9.0/plugins/com.st.stm32cube.ide.mcu.externaltools.gnu-tools-for-stm32.10.3-2021.10.linux64_1.0.0.202111181127/tools/bin/../lib/gcc/arm-none-eabi/10.3.1/thumb/v7e-m+fp/hard/crti.o
 .data          0x0000000000000000        0x0 /opt/st/stm32cubeide_1.9.0/plugins/com.st.stm32cube.ide.mcu.externaltools.gnu-tools-for-stm32.10.3-2021.10.linux64_1.0.0.202111181127/tools/bin/../lib/gcc/arm-none-eabi/10.3.1/thumb/v7e-m+fp/hard/crti.o
 .bss           0x0000000000000000        0x0 /opt/st/stm32cubeide_1.9.0/plugins/com.st.stm32cube.ide.mcu.externaltools.gnu-tools-for-stm32.10.3-2021.10.linux64_1.0.0.202111181127/tools/bin/../lib/gcc/arm-none-eabi/10.3.1/thumb/v7e-m+fp/hard/crti.o
 .data          0x0000000000000000        0x4 /opt/st/stm32cubeide_1.9.0/plugins/com.st.stm32cube.ide.mcu.externaltools.gnu-tools-for-stm32.10.3-2021.10.linux64_1.0.0.202111181127/tools/bin/../lib/gcc/arm-none-eabi/10.3.1/thumb/v7e-m+fp/hard/crtbegin.o
[...]
Memory Configuration

Name             Origin             Length             Attributes
CCMRAM           0x0000000010000000 0x0000000000010000 xrw
RAM              0x0000000020000000 0x0000000000030000 xrw
FLASH            0x0000000008000000 0x0000000000200000 xr
*default*        0x0000000000000000 0xffffffffffffffff

Linker script and memory map

LOAD /opt/st/stm32cubeide_1.9.0/plugins/com.st.stm32cube.ide.mcu.externaltools.gnu-tools-for-stm32.10.3-2021.10.linux64_1.0.0.202111181127/tools/bin/../lib/gcc/arm-none-eabi/10.3.1/thumb/v7e-m+fp/hard/crti.o
LOAD /opt/st/stm32cubeide_1.9.0/plugins/com.st.stm32cube.ide.mcu.externaltools.gnu-tools-for-stm32.10.3-2021.10.linux64_1.0.0.202111181127/tools/bin/../lib/gcc/arm-none-eabi/10.3.1/thumb/v7e-m+fp/hard/crtbegin.o
LOAD /opt/st/stm32cubeide_1.9.0/plugins/com.st.stm32cube.ide.mcu.externaltools.gnu-tools-for-stm32.10.3-2021.10.linux64_1.0.0.202111181127/tools/bin/../lib/gcc/arm-none-eabi/10.3.1/../../../../arm-none-eabi/lib/thumb/v7e-m+fp/hard/crt0.o
LOAD ./Core/Src/gpio.o
LOAD ./Core/Src/lcd16x2.o
LOAD ./Core/Src/main.o
LOAD ./Core/Src/stm32f4xx_hal_msp.o
LOAD ./Core/Src/stm32f4xx_it.o
LOAD ./Core/Src/syscalls.o
LOAD ./Core/Src/sysmem.o
LOAD ./Core/Src/system_stm32f4xx.o
LOAD ./Core/Src/tim.o
LOAD ./Core/Src/usart.o
LOAD ./Core/Startup/startup_stm32f429zitx.o
LOAD ./Drivers/STM32F4xx_HAL_Driver/Src/stm32f4xx_hal.o
LOAD ./Drivers/STM32F4xx_HAL_Driver/Src/stm32f4xx_hal_cortex.o
LOAD ./Drivers/STM32F4xx_HAL_Driver/Src/stm32f4xx_hal_dma.o
LOAD ./Drivers/STM32F4xx_HAL_Driver/Src/stm32f4xx_hal_dma_ex.o
LOAD ./Drivers/STM32F4xx_HAL_Driver/Src/stm32f4xx_hal_exti.o
LOAD ./Drivers/STM32F4xx_HAL_Driver/Src/stm32f4xx_hal_flash.o
LOAD ./Drivers/STM32F4xx_HAL_Driver/Src/stm32f4xx_hal_flash_ex.o
LOAD ./Drivers/STM32F4xx_HAL_Driver/Src/stm32f4xx_hal_flash_ramfunc.o
LOAD ./Drivers/STM32F4xx_HAL_Driver/Src/stm32f4xx_hal_gpio.o
LOAD ./Drivers/STM32F4xx_HAL_Driver/Src/stm32f4xx_hal_pwr.o
LOAD ./Drivers/STM32F4xx_HAL_Driver/Src/stm32f4xx_hal_pwr_ex.o
LOAD ./Drivers/STM32F4xx_HAL_Driver/Src/stm32f4xx_hal_rcc.o
LOAD ./Drivers/STM32F4xx_HAL_Driver/Src/stm32f4xx_hal_rcc_ex.o
LOAD ./Drivers/STM32F4xx_HAL_Driver/Src/stm32f4xx_hal_tim.o
LOAD ./Drivers/STM32F4xx_HAL_Driver/Src/stm32f4xx_hal_tim_ex.o
LOAD ./Drivers/STM32F4xx_HAL_Driver/Src/stm32f4xx_hal_uart.o
START GROUP
LOAD /opt/st/stm32cubeide_1.9.0/plugins/com.st.stm32cube.ide.mcu.externaltools.gnu-tools-for-stm32.10.3-2021.10.linux64_1.0.0.202111181127/tools/bin/../lib/gcc/arm-none-eabi/10.3.1/../../../../arm-none-eabi/lib/thumb/v7e-m+fp/hard/libc_nano.a
LOAD /opt/st/stm32cubeide_1.9.0/plugins/com.st.stm32cube.ide.mcu.externaltools.gnu-tools-for-stm32.10.3-2021.10.linux64_1.0.0.202111181127/tools/bin/../lib/gcc/arm-none-eabi/10.3.1/../../../../arm-none-eabi/lib/thumb/v7e-m+fp/hard/libm.a
END GROUP
START GROUP
LOAD /opt/st/stm32cubeide_1.9.0/plugins/com.st.stm32cube.ide.mcu.externaltools.gnu-tools-for-stm32.10.3-2021.10.linux64_1.0.0.202111181127/tools/bin/../lib/gcc/arm-none-eabi/10.3.1/thumb/v7e-m+fp/hard/libgcc.a
LOAD /opt/st/stm32cubeide_1.9.0/plugins/com.st.stm32cube.ide.mcu.externaltools.gnu-tools-for-stm32.10.3-2021.10.linux64_1.0.0.202111181127/tools/bin/../lib/gcc/arm-none-eabi/10.3.1/../../../../arm-none-eabi/lib/thumb/v7e-m+fp/hard/libc_nano.a
END GROUP
START GROUP
LOAD /opt/st/stm32cubeide_1.9.0/plugins/com.st.stm32cube.ide.mcu.externaltools.gnu-tools-for-stm32.10.3-2021.10.linux64_1.0.0.202111181127/tools/bin/../lib/gcc/arm-none-eabi/10.3.1/thumb/v7e-m+fp/hard/libgcc.a
LOAD /opt/st/stm32cubeide_1.9.0/plugins/com.st.stm32cube.ide.mcu.externaltools.gnu-tools-for-stm32.10.3-2021.10.linux64_1.0.0.202111181127/tools/bin/../lib/gcc/arm-none-eabi/10.3.1/../../../../arm-none-eabi/lib/thumb/v7e-m+fp/hard/libc_nano.a
LOAD /opt/st/stm32cubeide_1.9.0/plugins/com.st.stm32cube.ide.mcu.externaltools.gnu-tools-for-stm32.10.3-2021.10.linux64_1.0.0.202111181127/tools/bin/../lib/gcc/arm-none-eabi/10.3.1/../../../../arm-none-eabi/lib/thumb/v7e-m+fp/hard/libnosys.a
END GROUP
START GROUP
LOAD /opt/st/stm32cubeide_1.9.0/plugins/com.st.stm32cube.ide.mcu.externaltools.gnu-tools-for-stm32.10.3-2021.10.linux64_1.0.0.202111181127/tools/bin/../lib/gcc/arm-none-eabi/10.3.1/thumb/v7e-m+fp/hard/libgcc.a
LOAD /opt/st/stm32cubeide_1.9.0/plugins/com.st.stm32cube.ide.mcu.externaltools.gnu-tools-for-stm32.10.3-2021.10.linux64_1.0.0.202111181127/tools/bin/../lib/gcc/arm-none-eabi/10.3.1/../../../../arm-none-eabi/lib/thumb/v7e-m+fp/hard/libc_nano.a
LOAD /opt/st/stm32cubeide_1.9.0/plugins/com.st.stm32cube.ide.mcu.externaltools.gnu-tools-for-stm32.10.3-2021.10.linux64_1.0.0.202111181127/tools/bin/../lib/gcc/arm-none-eabi/10.3.1/../../../../arm-none-eabi/lib/thumb/v7e-m+fp/hard/libnosys.a
END GROUP
LOAD /opt/st/stm32cubeide_1.9.0/plugins/com.st.stm32cube.ide.mcu.externaltools.gnu-tools-for-stm32.10.3-2021.10.linux64_1.0.0.202111181127/tools/bin/../lib/gcc/arm-none-eabi/10.3.1/thumb/v7e-m+fp/hard/crtend.o
LOAD /opt/st/stm32cubeide_1.9.0/plugins/com.st.stm32cube.ide.mcu.externaltools.gnu-tools-for-stm32.10.3-2021.10.linux64_1.0.0.202111181127/tools/bin/../lib/gcc/arm-none-eabi/10.3.1/thumb/v7e-m+fp/hard/crtn.o
                0x0000000020030000                _estack = (ORIGIN (RAM) + LENGTH (RAM))
                0x0000000000000200                _Min_Heap_Size = 0x200
                0x0000000000000400                _Min_Stack_Size = 0x400

.isr_vector     0x0000000008000000      0x1ac
                0x0000000008000000                . = ALIGN (0x4)
 *(.isr_vector)
 .isr_vector    0x0000000008000000      0x1ac ./Core/Startup/startup_stm32f429zitx.o
                0x0000000008000000                g_pfnVectors
                0x00000000080001ac                . = ALIGN (0x4)

.text           0x00000000080001ac     0x41fc
                0x00000000080001ac                . = ALIGN (0x4)
 *(.text)
 .text          0x00000000080001ac       0x40 /opt/st/stm32cubeide_1.9.0/plugins/com.st.stm32cube.ide.mcu.externaltools.gnu-tools-for-stm32.10.3-2021.10.linux64_1.0.0.202111181127/tools/bin/../lib/gcc/arm-none-eabi/10.3.1/thumb/v7e-m+fp/hard/crtbegin.o
 .text          0x00000000080001ec       0x30 /opt/st/stm32cubeide_1.9.0/plugins/com.st.stm32cube.ide.mcu.externaltools.gnu-tools-for-stm32.10.3-2021.10.linux64_1.0.0.202111181127/tools/bin/../lib/gcc/arm-none-eabi/10.3.1/thumb/v7e-m+fp/hard/libgcc.a(_aeabi_uldivmod.o)
                0x00000000080001ec                __aeabi_uldivmod
 .text          0x000000000800021c      0x2d0 /opt/st/stm32cubeide_1.9.0/plugins/com.st.stm32cube.ide.mcu.externaltools.gnu-tools-for-stm32.10.3-2021.10.linux64_1.0.0.202111181127/tools/bin/../lib/gcc/arm-none-eabi/10.3.1/thumb/v7e-m+fp/hard/libgcc.a(_udivmoddi4.o)
                0x000000000800021c                __udivmoddi4
 .text          0x00000000080004ec        0x4 /opt/st/stm32cubeide_1.9.0/plugins/com.st.stm32cube.ide.mcu.externaltools.gnu-tools-for-stm32.10.3-2021.10.linux64_1.0.0.202111181127/tools/bin/../lib/gcc/arm-none-eabi/10.3.1/thumb/v7e-m+fp/hard/libgcc.a(_dvmd_tls.o)
                0x00000000080004ec                __aeabi_ldiv0
                0x00000000080004ec                __aeabi_idiv0
 *(.text*)
 .text.MX_GPIO_Init
                0x00000000080004f0      0x188 ./Core/Src/gpio.o
                0x00000000080004f0                MX_GPIO_Init
 .text.send_to_lcd
                0x0000000008000678       0x48 ./Core/Src/lcd16x2.o
                0x0000000008000678                send_to_lcd
 .text.lcd_cmd  0x00000000080006c0       0x3c ./Core/Src/lcd16x2.o
                0x00000000080006c0                lcd_cmd
 .text.lcd_data
                0x00000000080006fc       0x3c ./Core/Src/lcd16x2.o
                0x00000000080006fc                lcd_data
 .text.lcd_write_string
                0x0000000008000738       0x38 ./Core/Src/lcd16x2.o
                0x0000000008000738                lcd_write_string
 .text.lcd_init
                0x0000000008000770       0x4a ./Core/Src/lcd16x2.o
                0x0000000008000770                lcd_init
 .text.lcd_set_pos
                0x00000000080007ba       0x34 ./Core/Src/lcd16x2.o
                0x00000000080007ba                lcd_set_pos
 .text.lcd_clear
                0x00000000080007ee        0xe ./Core/Src/lcd16x2.o
                0x00000000080007ee                lcd_clear
 .text.main     0x00000000080007fc       0xf0 ./Core/Src/main.o
                0x00000000080007fc                main
 .text.SystemClock_Config
                0x00000000080008ec       0xd8 ./Core/Src/main.o
                0x00000000080008ec                SystemClock_Config
 .text.uart_RX2_task
                0x00000000080009c4       0xa4 ./Core/Src/main.o
                0x00000000080009c4                uart_RX2_task
 .text.uart_RX1_task
                0x0000000008000a68       0xd4 ./Core/Src/main.o
                0x0000000008000a68                uart_RX1_task
 .text.segment_display_task
                0x0000000008000b3c       0x7c ./Core/Src/main.o
                0x0000000008000b3c                segment_display_task
 .text.lcd_display_task
                0x0000000008000bb8       0xe4 ./Core/Src/main.o
                0x0000000008000bb8                lcd_display_task
 .text.m_send_to_lcd
                0x0000000008000c9c       0xa4 ./Core/Src/main.o
                0x0000000008000c9c                m_send_to_lcd
 .text.task_timer
                0x0000000008000d40       0xc4 ./Core/Src/main.o
                0x0000000008000d40                task_timer
 .text.key_read_task
                0x0000000008000e04       0xd8 ./Core/Src/main.o
                0x0000000008000e04                key_read_task
 .text.main_task
                0x0000000008000edc      0x17c ./Core/Src/main.o
                0x0000000008000edc                main_task
 .text.TX1_delay_update
                0x0000000008001058       0x28 ./Core/Src/main.o
                0x0000000008001058                TX1_delay_update
 .text.TX2_delay_update
                0x0000000008001080       0x28 ./Core/Src/main.o
                0x0000000008001080                TX2_delay_update
 .text.uart_TX1_task
                0x00000000080010a8       0x40 ./Core/Src/main.o
                0x00000000080010a8                uart_TX1_task
 .text.uart_TX2_task
                0x00000000080010e8       0x40 ./Core/Src/main.o
                0x00000000080010e8                uart_TX2_task
 .text.setEvent
                0x0000000008001128       0x44 ./Core/Src/main.o
                0x0000000008001128                setEvent
 .text.getEvent
                0x000000000800116c       0x44 ./Core/Src/main.o
                0x000000000800116c                getEvent
 .text.seven_segment_driver
                0x00000000080011b0       0x50 ./Core/Src/main.o
                0x00000000080011b0                seven_segment_driver
 .text.HAL_TIM_PeriodElapsedCallback
                0x0000000008001200       0x44 ./Core/Src/main.o
                0x0000000008001200                HAL_TIM_PeriodElapsedCallback
 .text.HAL_UART_RxCpltCallback
                0x0000000008001244       0x98 ./Core/Src/main.o
                0x0000000008001244                HAL_UART_RxCpltCallback
 .text.Error_Handler
                0x00000000080012dc        0xa ./Core/Src/main.o
                0x00000000080012dc                Error_Handler
 *fill*         0x00000000080012e6        0x2 
 .text.HAL_MspInit
                0x00000000080012e8       0x50 ./Core/Src/stm32f4xx_hal_msp.o
                0x00000000080012e8                HAL_MspInit
 .text.NMI_Handler
                0x0000000008001338        0x6 ./Core/Src/stm32f4xx_it.o
                0x0000000008001338                NMI_Handler
 .text.HardFault_Handler
                0x000000000800133e        0x6 ./Core/Src/stm32f4xx_it.o
                0x000000000800133e                HardFault_Handler
 .text.MemManage_Handler
                0x0000000008001344        0x6 ./Core/Src/stm32f4xx_it.o
                0x0000000008001344                MemManage_Handler
 .text.BusFault_Handler
                0x000000000800134a        0x6 ./Core/Src/stm32f4xx_it.o
                0x000000000800134a                BusFault_Handler
 .text.UsageFault_Handler
                0x0000000008001350        0x6 ./Core/Src/stm32f4xx_it.o
                0x0000000008001350                UsageFault_Handler
 .text.SVC_Handler
                0x0000000008001356        0xe ./Core/Src/stm32f4xx_it.o
                0x0000000008001356                SVC_Handler
 .text.DebugMon_Handler
                0x0000000008001364        0xe ./Core/Src/stm32f4xx_it.o
                0x0000000008001364                DebugMon_Handler
 .text.PendSV_Handler
                0x0000000008001372        0xe ./Core/Src/stm32f4xx_it.o
                0x0000000008001372                PendSV_Handler
 .text.SysTick_Handler
                0x0000000008001380        0xc ./Core/Src/stm32f4xx_it.o
                0x0000000008001380                SysTick_Handler
 .text.TIM3_IRQHandler
                0x000000000800138c       0x14 ./Core/Src/stm32f4xx_it.o
                0x000000000800138c                TIM3_IRQHandler
 .text.TIM4_IRQHandler
                0x00000000080013a0       0x14 ./Core/Src/stm32f4xx_it.o
                0x00000000080013a0                TIM4_IRQHandler
 .text.UART4_IRQHandler
                0x00000000080013b4       0x14 ./Core/Src/stm32f4xx_it.o
                0x00000000080013b4                UART4_IRQHandler
 .text.UART5_IRQHandler
                0x00000000080013c8       0x14 ./Core/Src/stm32f4xx_it.o
                0x00000000080013c8                UART5_IRQHandler
 .text.SystemInit
                0x00000000080013dc       0x24 ./Core/Src/system_stm32f4xx.o
                0x00000000080013dc                SystemInit
 .text.MX_TIM3_Init
                0x0000000008001400       0x9c ./Core/Src/tim.o
                0x0000000008001400                MX_TIM3_Init
 .text.MX_TIM4_Init
                0x000000000800149c       0x9c ./Core/Src/tim.o
                0x000000000800149c                MX_TIM4_Init
 .text.HAL_TIM_Base_MspInit
                0x0000000008001538       0x8c ./Core/Src/tim.o
                0x0000000008001538                HAL_TIM_Base_MspInit
 .text.MX_UART4_Init
                0x00000000080015c4       0x54 ./Core/Src/usart.o
                0x00000000080015c4                MX_UART4_Init
 .text.MX_UART5_Init
                0x0000000008001618       0x54 ./Core/Src/usart.o
                0x0000000008001618                MX_UART5_Init
 .text.HAL_UART_MspInit
                0x000000000800166c      0x15c ./Core/Src/usart.o
                0x000000000800166c                HAL_UART_MspInit
 .text.Reset_Handler
                0x00000000080017c8       0x50 ./Core/Startup/startup_stm32f429zitx.o
                0x00000000080017c8                Reset_Handler
 .text.Default_Handler
                0x0000000008001818        0x2 ./Core/Startup/startup_stm32f429zitx.o
                0x0000000008001818                RTC_Alarm_IRQHandler
                0x0000000008001818                HASH_RNG_IRQHandler
                0x0000000008001818                EXTI2_IRQHandler
                0x0000000008001818                TIM8_CC_IRQHandler
                0x0000000008001818                UART8_IRQHandler
                0x0000000008001818                SPI4_IRQHandler
                0x0000000008001818                TIM1_CC_IRQHandler
                0x0000000008001818                DMA2_Stream5_IRQHandler
                0x0000000008001818                DMA1_Stream5_IRQHandler
                0x0000000008001818                PVD_IRQHandler
                0x0000000008001818                SDIO_IRQHandler
                0x0000000008001818                TAMP_STAMP_IRQHandler
                0x0000000008001818                CAN2_RX1_IRQHandler
                0x0000000008001818                EXTI3_IRQHandler
                0x0000000008001818                TIM8_TRG_COM_TIM14_IRQHandler
                0x0000000008001818                TIM1_UP_TIM10_IRQHandler
                0x0000000008001818                TIM8_UP_TIM13_IRQHandler
                0x0000000008001818                I2C3_ER_IRQHandler
                0x0000000008001818                EXTI0_IRQHandler
                0x0000000008001818                I2C2_EV_IRQHandler
                0x0000000008001818                DMA1_Stream2_IRQHandler
                0x0000000008001818                CAN1_RX0_IRQHandler
                0x0000000008001818                FPU_IRQHandler
                0x0000000008001818                OTG_HS_WKUP_IRQHandler
                0x0000000008001818                LTDC_ER_IRQHandler
                0x0000000008001818                CAN2_SCE_IRQHandler
                0x0000000008001818                DMA2_Stream2_IRQHandler
                0x0000000008001818                SPI1_IRQHandler
                0x0000000008001818                TIM6_DAC_IRQHandler
                0x0000000008001818                TIM1_BRK_TIM9_IRQHandler
                0x0000000008001818                DCMI_IRQHandler
                0x0000000008001818                CAN2_RX0_IRQHandler
                0x0000000008001818                DMA2_Stream3_IRQHandler
                0x0000000008001818                USART6_IRQHandler
                0x0000000008001818                USART3_IRQHandler
                0x0000000008001818                CAN1_RX1_IRQHandler
                0x0000000008001818                DMA2_Stream0_IRQHandler
                0x0000000008001818                I2C1_EV_IRQHandler
                0x0000000008001818                DMA1_Stream6_IRQHandler
                0x0000000008001818                DMA1_Stream1_IRQHandler
                0x0000000008001818                RCC_IRQHandler
                0x0000000008001818                TIM8_BRK_TIM12_IRQHandler
                0x0000000008001818                Default_Handler
                0x0000000008001818                EXTI15_10_IRQHandler
                0x0000000008001818                ADC_IRQHandler
                0x0000000008001818                DMA1_Stream7_IRQHandler
                0x0000000008001818                SPI5_IRQHandler
                0x0000000008001818                TIM7_IRQHandler
                0x0000000008001818                CAN2_TX_IRQHandler
                0x0000000008001818                TIM5_IRQHandler
                0x0000000008001818                DMA2_Stream7_IRQHandler
                0x0000000008001818                I2C3_EV_IRQHandler
                0x0000000008001818                EXTI9_5_IRQHandler
                0x0000000008001818                RTC_WKUP_IRQHandler
                0x0000000008001818                LTDC_IRQHandler
                0x0000000008001818                ETH_WKUP_IRQHandler
                0x0000000008001818                SPI2_IRQHandler
                0x0000000008001818                OTG_HS_EP1_IN_IRQHandler
                0x0000000008001818                DMA1_Stream0_IRQHandler
                0x0000000008001818                CAN1_TX_IRQHandler
                0x0000000008001818                EXTI4_IRQHandler
                0x0000000008001818                ETH_IRQHandler
                0x0000000008001818                OTG_HS_EP1_OUT_IRQHandler
                0x0000000008001818                WWDG_IRQHandler
                0x0000000008001818                SPI6_IRQHandler
                0x0000000008001818                TIM2_IRQHandler
                0x0000000008001818                OTG_FS_WKUP_IRQHandler
                0x0000000008001818                TIM1_TRG_COM_TIM11_IRQHandler
                0x0000000008001818                OTG_HS_IRQHandler
                0x0000000008001818                DMA2D_IRQHandler
                0x0000000008001818                EXTI1_IRQHandler
                0x0000000008001818                UART7_IRQHandler
                0x0000000008001818                USART2_IRQHandler
                0x0000000008001818                I2C2_ER_IRQHandler
                0x0000000008001818                DMA2_Stream1_IRQHandler
                0x0000000008001818                CAN1_SCE_IRQHandler
                0x0000000008001818                FLASH_IRQHandler
                0x0000000008001818                DMA2_Stream4_IRQHandler
                0x0000000008001818                USART1_IRQHandler
                0x0000000008001818                OTG_FS_IRQHandler
                0x0000000008001818                SPI3_IRQHandler
                0x0000000008001818                DMA1_Stream4_IRQHandler
                0x0000000008001818                I2C1_ER_IRQHandler
                0x0000000008001818                FMC_IRQHandler
                0x0000000008001818                DMA2_Stream6_IRQHandler
                0x0000000008001818                SAI1_IRQHandler
                0x0000000008001818                DMA1_Stream3_IRQHandler
 *fill*         0x000000000800181a        0x2 
 .text.HAL_Init
                0x000000000800181c       0x44 ./Drivers/STM32F4xx_HAL_Driver/Src/stm32f4xx_hal.o
                0x000000000800181c                HAL_Init
 .text.HAL_InitTick
                0x0000000008001860       0x60 ./Drivers/STM32F4xx_HAL_Driver/Src/stm32f4xx_hal.o
                0x0000000008001860                HAL_InitTick
 .text.HAL_IncTick
                0x00000000080018c0       0x28 ./Drivers/STM32F4xx_HAL_Driver/Src/stm32f4xx_hal.o
                0x00000000080018c0                HAL_IncTick
 .text.HAL_GetTick
                0x00000000080018e8       0x18 ./Drivers/STM32F4xx_HAL_Driver/Src/stm32f4xx_hal.o
                0x00000000080018e8                HAL_GetTick
 .text.HAL_Delay
                0x0000000008001900       0x48 ./Drivers/STM32F4xx_HAL_Driver/Src/stm32f4xx_hal.o
                0x0000000008001900                HAL_Delay
 .text.__NVIC_SetPriorityGrouping
                0x0000000008001948       0x48 ./Drivers/STM32F4xx_HAL_Driver/Src/stm32f4xx_hal_cortex.o
 .text.__NVIC_GetPriorityGrouping
                0x0000000008001990       0x1c ./Drivers/STM32F4xx_HAL_Driver/Src/stm32f4xx_hal_cortex.o
 .text.__NVIC_EnableIRQ
                0x00000000080019ac       0x3c ./Drivers/STM32F4xx_HAL_Driver/Src/stm32f4xx_hal_cortex.o
 .text.__NVIC_SetPriority
                0x00000000080019e8       0x54 ./Drivers/STM32F4xx_HAL_Driver/Src/stm32f4xx_hal_cortex.o
 .text.NVIC_EncodePriority
                0x0000000008001a3c       0x66 ./Drivers/STM32F4xx_HAL_Driver/Src/stm32f4xx_hal_cortex.o
 *fill*         0x0000000008001aa2        0x2 
 .text.SysTick_Config
                0x0000000008001aa4       0x44 ./Drivers/STM32F4xx_HAL_Driver/Src/stm32f4xx_hal_cortex.o
 .text.HAL_NVIC_SetPriorityGrouping
                0x0000000008001ae8       0x16 ./Drivers/STM32F4xx_HAL_Driver/Src/stm32f4xx_hal_cortex.o
                0x0000000008001ae8                HAL_NVIC_SetPriorityGrouping
 .text.HAL_NVIC_SetPriority
                0x0000000008001afe       0x38 ./Drivers/STM32F4xx_HAL_Driver/Src/stm32f4xx_hal_cortex.o
                0x0000000008001afe                HAL_NVIC_SetPriority
 .text.HAL_NVIC_EnableIRQ
                0x0000000008001b36       0x1c ./Drivers/STM32F4xx_HAL_Driver/Src/stm32f4xx_hal_cortex.o
                0x0000000008001b36                HAL_NVIC_EnableIRQ
 .text.HAL_SYSTICK_Config
                0x0000000008001b52       0x18 ./Drivers/STM32F4xx_HAL_Driver/Src/stm32f4xx_hal_cortex.o
                0x0000000008001b52                HAL_SYSTICK_Config
 .text.HAL_DMA_Abort
                0x0000000008001b6a       0xe0 ./Drivers/STM32F4xx_HAL_Driver/Src/stm32f4xx_hal_dma.o
                0x0000000008001b6a                HAL_DMA_Abort
 .text.HAL_DMA_Abort_IT
                0x0000000008001c4a       0x44 ./Drivers/STM32F4xx_HAL_Driver/Src/stm32f4xx_hal_dma.o
                0x0000000008001c4a                HAL_DMA_Abort_IT
 *fill*         0x0000000008001c8e        0x2 
 .text.HAL_GPIO_Init
                0x0000000008001c90      0x358 ./Drivers/STM32F4xx_HAL_Driver/Src/stm32f4xx_hal_gpio.o
                0x0000000008001c90                HAL_GPIO_Init
 .text.HAL_GPIO_WritePin
                0x0000000008001fe8       0x32 ./Drivers/STM32F4xx_HAL_Driver/Src/stm32f4xx_hal_gpio.o
                0x0000000008001fe8                HAL_GPIO_WritePin
 *fill*         0x000000000800201a        0x2 
 .text.HAL_RCC_OscConfig
                0x000000000800201c      0x4f0 ./Drivers/STM32F4xx_HAL_Driver/Src/stm32f4xx_hal_rcc.o
                0x000000000800201c                HAL_RCC_OscConfig
 .text.HAL_RCC_ClockConfig
                0x000000000800250c      0x1cc ./Drivers/STM32F4xx_HAL_Driver/Src/stm32f4xx_hal_rcc.o
                0x000000000800250c                HAL_RCC_ClockConfig
 .text.HAL_RCC_GetSysClockFreq
                0x00000000080026d8      0x20c ./Drivers/STM32F4xx_HAL_Driver/Src/stm32f4xx_hal_rcc.o
                0x00000000080026d8                HAL_RCC_GetSysClockFreq
 .text.HAL_RCC_GetHCLKFreq
                0x00000000080028e4       0x18 ./Drivers/STM32F4xx_HAL_Driver/Src/stm32f4xx_hal_rcc.o
                0x00000000080028e4                HAL_RCC_GetHCLKFreq
 .text.HAL_RCC_GetPCLK1Freq
                0x00000000080028fc       0x28 ./Drivers/STM32F4xx_HAL_Driver/Src/stm32f4xx_hal_rcc.o
                0x00000000080028fc                HAL_RCC_GetPCLK1Freq
 .text.HAL_RCC_GetPCLK2Freq
                0x0000000008002924       0x28 ./Drivers/STM32F4xx_HAL_Driver/Src/stm32f4xx_hal_rcc.o
                0x0000000008002924                HAL_RCC_GetPCLK2Freq
 .text.HAL_TIM_Base_Init
                0x000000000800294c       0x9e ./Drivers/STM32F4xx_HAL_Driver/Src/stm32f4xx_hal_tim.o
                0x000000000800294c                HAL_TIM_Base_Init
 *fill*         0x00000000080029ea        0x2 
 .text.HAL_TIM_Base_Start_IT
                0x00000000080029ec       0xe0 ./Drivers/STM32F4xx_HAL_Driver/Src/stm32f4xx_hal_tim.o
                0x00000000080029ec                HAL_TIM_Base_Start_IT
 .text.HAL_TIM_IRQHandler
                0x0000000008002acc      0x210 ./Drivers/STM32F4xx_HAL_Driver/Src/stm32f4xx_hal_tim.o
                0x0000000008002acc                HAL_TIM_IRQHandler
 .text.HAL_TIM_ConfigClockSource
                0x0000000008002cdc      0x18e ./Drivers/STM32F4xx_HAL_Driver/Src/stm32f4xx_hal_tim.o
                0x0000000008002cdc                HAL_TIM_ConfigClockSource
 .text.HAL_TIM_OC_DelayElapsedCallback
                0x0000000008002e6a       0x14 ./Drivers/STM32F4xx_HAL_Driver/Src/stm32f4xx_hal_tim.o
                0x0000000008002e6a                HAL_TIM_OC_DelayElapsedCallback
 .text.HAL_TIM_IC_CaptureCallback
                0x0000000008002e7e       0x14 ./Drivers/STM32F4xx_HAL_Driver/Src/stm32f4xx_hal_tim.o
                0x0000000008002e7e                HAL_TIM_IC_CaptureCallback
 .text.HAL_TIM_PWM_PulseFinishedCallback
                0x0000000008002e92       0x14 ./Drivers/STM32F4xx_HAL_Driver/Src/stm32f4xx_hal_tim.o
                0x0000000008002e92                HAL_TIM_PWM_PulseFinishedCallback
 .text.HAL_TIM_TriggerCallback
                0x0000000008002ea6       0x14 ./Drivers/STM32F4xx_HAL_Driver/Src/stm32f4xx_hal_tim.o
                0x0000000008002ea6                HAL_TIM_TriggerCallback
 *fill*         0x0000000008002eba        0x2 
 .text.TIM_Base_SetConfig
                0x0000000008002ebc      0x140 ./Drivers/STM32F4xx_HAL_Driver/Src/stm32f4xx_hal_tim.o
                0x0000000008002ebc                TIM_Base_SetConfig
 .text.TIM_TI1_ConfigInputStage
                0x0000000008002ffc       0x5e ./Drivers/STM32F4xx_HAL_Driver/Src/stm32f4xx_hal_tim.o
 .text.TIM_TI2_ConfigInputStage
                0x000000000800305a       0x60 ./Drivers/STM32F4xx_HAL_Driver/Src/stm32f4xx_hal_tim.o
 .text.TIM_ITRx_SetConfig
                0x00000000080030ba       0x36 ./Drivers/STM32F4xx_HAL_Driver/Src/stm32f4xx_hal_tim.o
 .text.TIM_ETR_SetConfig
                0x00000000080030f0       0x40 ./Drivers/STM32F4xx_HAL_Driver/Src/stm32f4xx_hal_tim.o
                0x00000000080030f0                TIM_ETR_SetConfig
 .text.HAL_TIMEx_MasterConfigSynchronization
                0x0000000008003130       0xf8 ./Drivers/STM32F4xx_HAL_Driver/Src/stm32f4xx_hal_tim_ex.o
                0x0000000008003130                HAL_TIMEx_MasterConfigSynchronization
 .text.HAL_TIMEx_CommutCallback
                0x0000000008003228       0x14 ./Drivers/STM32F4xx_HAL_Driver/Src/stm32f4xx_hal_tim_ex.o
                0x0000000008003228                HAL_TIMEx_CommutCallback
 .text.HAL_TIMEx_BreakCallback
                0x000000000800323c       0x14 ./Drivers/STM32F4xx_HAL_Driver/Src/stm32f4xx_hal_tim_ex.o
                0x000000000800323c                HAL_TIMEx_BreakCallback
 .text.HAL_UART_Init
                0x0000000008003250       0x9a ./Drivers/STM32F4xx_HAL_Driver/Src/stm32f4xx_hal_uart.o
                0x0000000008003250                HAL_UART_Init
 .text.HAL_UART_Transmit
                0x00000000080032ea      0x124 ./Drivers/STM32F4xx_HAL_Driver/Src/stm32f4xx_hal_uart.o
                0x00000000080032ea                HAL_UART_Transmit
 .text.HAL_UART_Receive_IT
                0x000000000800340e       0x60 ./Drivers/STM32F4xx_HAL_Driver/Src/stm32f4xx_hal_uart.o
                0x000000000800340e                HAL_UART_Receive_IT
 *fill*         0x000000000800346e        0x2 
 .text.HAL_UART_IRQHandler
                0x0000000008003470      0x51c ./Drivers/STM32F4xx_HAL_Driver/Src/stm32f4xx_hal_uart.o
                0x0000000008003470                HAL_UART_IRQHandler
 .text.HAL_UART_TxCpltCallback
                0x000000000800398c       0x14 ./Drivers/STM32F4xx_HAL_Driver/Src/stm32f4xx_hal_uart.o
                0x000000000800398c                HAL_UART_TxCpltCallback
 .text.HAL_UART_ErrorCallback
                0x00000000080039a0       0x14 ./Drivers/STM32F4xx_HAL_Driver/Src/stm32f4xx_hal_uart.o
                0x00000000080039a0                HAL_UART_ErrorCallback
 .text.HAL_UARTEx_RxEventCallback
                0x00000000080039b4       0x18 ./Drivers/STM32F4xx_HAL_Driver/Src/stm32f4xx_hal_uart.o
                0x00000000080039b4                HAL_UARTEx_RxEventCallback
 .text.UART_WaitOnFlagUntilTimeout
                0x00000000080039cc       0xdc ./Drivers/STM32F4xx_HAL_Driver/Src/stm32f4xx_hal_uart.o
 .text.UART_Start_Receive_IT
                0x0000000008003aa8       0x74 ./Drivers/STM32F4xx_HAL_Driver/Src/stm32f4xx_hal_uart.o
                0x0000000008003aa8                UART_Start_Receive_IT
 .text.UART_EndRxTransfer
                0x0000000008003b1c       0xc6 ./Drivers/STM32F4xx_HAL_Driver/Src/stm32f4xx_hal_uart.o
 .text.UART_DMAAbortOnError
                0x0000000008003be2       0x28 ./Drivers/STM32F4xx_HAL_Driver/Src/stm32f4xx_hal_uart.o
 .text.UART_Transmit_IT
                0x0000000008003c0a       0xa0 ./Drivers/STM32F4xx_HAL_Driver/Src/stm32f4xx_hal_uart.o
 .text.UART_EndTransmit_IT
                0x0000000008003caa       0x30 ./Drivers/STM32F4xx_HAL_Driver/Src/stm32f4xx_hal_uart.o
 .text.UART_Receive_IT
                0x0000000008003cda      0x176 ./Drivers/STM32F4xx_HAL_Driver/Src/stm32f4xx_hal_uart.o
 .text.UART_SetConfig
                0x0000000008003e50      0x4e8 ./Drivers/STM32F4xx_HAL_Driver/Src/stm32f4xx_hal_uart.o
 .text.__libc_init_array
                0x0000000008004338       0x48 /opt/st/stm32cubeide_1.9.0/plugins/com.st.stm32cube.ide.mcu.externaltools.gnu-tools-for-stm32.10.3-2021.10.linux64_1.0.0.202111181127/tools/bin/../lib/gcc/arm-none-eabi/10.3.1/../../../../arm-none-eabi/lib/thumb/v7e-m+fp/hard/libc_nano.a(lib_a-init.o)
                0x0000000008004338                __libc_init_array
 .text.memset   0x0000000008004380       0x10 /opt/st/stm32cubeide_1.9.0/plugins/com.st.stm32cube.ide.mcu.externaltools.gnu-tools-for-stm32.10.3-2021.10.linux64_1.0.0.202111181127/tools/bin/../lib/gcc/arm-none-eabi/10.3.1/../../../../arm-none-eabi/lib/thumb/v7e-m+fp/hard/libc_nano.a(lib_a-memset.o)
                0x0000000008004380                memset
 *(.glue_7)
 .glue_7        0x0000000008004390        0x0 linker stubs
 *(.glue_7t)
 .glue_7t       0x0000000008004390        0x0 linker stubs
 *(.eh_frame)
 .eh_frame      0x0000000008004390        0x0 /opt/st/stm32cubeide_1.9.0/plugins/com.st.stm32cube.ide.mcu.externaltools.gnu-tools-for-stm32.10.3-2021.10.linux64_1.0.0.202111181127/tools/bin/../lib/gcc/arm-none-eabi/10.3.1/thumb/v7e-m+fp/hard/crtbegin.o
 *(.init)
 .init          0x0000000008004390        0x4 /opt/st/stm32cubeide_1.9.0/plugins/com.st.stm32cube.ide.mcu.externaltools.gnu-tools-for-stm32.10.3-2021.10.linux64_1.0.0.202111181127/tools/bin/../lib/gcc/arm-none-eabi/10.3.1/thumb/v7e-m+fp/hard/crti.o
                0x0000000008004390                _init
 .init          0x0000000008004394        0x8 /opt/st/stm32cubeide_1.9.0/plugins/com.st.stm32cube.ide.mcu.externaltools.gnu-tools-for-stm32.10.3-2021.10.linux64_1.0.0.202111181127/tools/bin/../lib/gcc/arm-none-eabi/10.3.1/thumb/v7e-m+fp/hard/crtn.o
 *(.fini)
 .fini          0x000000000800439c        0x4 /opt/st/stm32cubeide_1.9.0/plugins/com.st.stm32cube.ide.mcu.externaltools.gnu-tools-for-stm32.10.3-2021.10.linux64_1.0.0.202111181127/tools/bin/../lib/gcc/arm-none-eabi/10.3.1/thumb/v7e-m+fp/hard/crti.o
                0x000000000800439c                _fini
 .fini          0x00000000080043a0        0x8 /opt/st/stm32cubeide_1.9.0/plugins/com.st.stm32cube.ide.mcu.externaltools.gnu-tools-for-stm32.10.3-2021.10.linux64_1.0.0.202111181127/tools/bin/../lib/gcc/arm-none-eabi/10.3.1/thumb/v7e-m+fp/hard/crtn.o
                0x00000000080043a8                . = ALIGN (0x4)
                0x00000000080043a8                _etext = .

.vfp11_veneer   0x00000000080043a8        0x0
 .vfp11_veneer  0x00000000080043a8        0x0 linker stubs

.v4_bx          0x00000000080043a8        0x0
 .v4_bx         0x00000000080043a8        0x0 linker stubs

.iplt           0x00000000080043a8        0x0
 .iplt          0x00000000080043a8        0x0 /opt/st/stm32cubeide_1.9.0/plugins/com.st.stm32cube.ide.mcu.externaltools.gnu-tools-for-stm32.10.3-2021.10.linux64_1.0.0.202111181127/tools/bin/../lib/gcc/arm-none-eabi/10.3.1/thumb/v7e-m+fp/hard/crtbegin.o

.rodata         0x00000000080043a8       0x2c
                0x00000000080043a8                . = ALIGN (0x4)
 *(.rodata)
 .rodata        0x00000000080043a8       0x14 ./Core/Src/main.o
 *(.rodata*)
 .rodata.AHBPrescTable
                0x00000000080043bc       0x10 ./Core/Src/system_stm32f4xx.o
                0x00000000080043bc                AHBPrescTable
 .rodata.APBPrescTable
                0x00000000080043cc        0x8 ./Core/Src/system_stm32f4xx.o
                0x00000000080043cc                APBPrescTable
                0x00000000080043d4                . = ALIGN (0x4)

.ARM.extab      0x00000000080043d4        0x0
                0x00000000080043d4                . = ALIGN (0x4)
 *(.ARM.extab* .gnu.linkonce.armextab.*)
                0x00000000080043d4                . = ALIGN (0x4)

.ARM            0x00000000080043d4        0x8
                0x00000000080043d4                . = ALIGN (0x4)
                0x00000000080043d4                __exidx_start = .
 *(.ARM.exidx*)
 .ARM.exidx     0x00000000080043d4        0x8 /opt/st/stm32cubeide_1.9.0/plugins/com.st.stm32cube.ide.mcu.externaltools.gnu-tools-for-stm32.10.3-2021.10.linux64_1.0.0.202111181127/tools/bin/../lib/gcc/arm-none-eabi/10.3.1/thumb/v7e-m+fp/hard/libgcc.a(_udivmoddi4.o)
                0x00000000080043dc                __exidx_end = .
                0x00000000080043dc                . = ALIGN (0x4)

.rel.dyn        0x00000000080043dc        0x0
 .rel.iplt      0x00000000080043dc        0x0 /opt/st/stm32cubeide_1.9.0/plugins/com.st.stm32cube.ide.mcu.externaltools.gnu-tools-for-stm32.10.3-2021.10.linux64_1.0.0.202111181127/tools/bin/../lib/gcc/arm-none-eabi/10.3.1/thumb/v7e-m+fp/hard/crtbegin.o

.preinit_array  0x00000000080043dc        0x0
                0x00000000080043dc                . = ALIGN (0x4)
                0x00000000080043dc                PROVIDE (__preinit_array_start = .)
 *(.preinit_array*)
                0x00000000080043dc                PROVIDE (__preinit_array_end = .)
                0x00000000080043dc                . = ALIGN (0x4)

.init_array     0x00000000080043dc        0x4
                0x00000000080043dc                . = ALIGN (0x4)
                0x00000000080043dc                PROVIDE (__init_array_start = .)
 *(SORT_BY_NAME(.init_array.*))
 *(.init_array*)
 .init_array    0x00000000080043dc        0x4 /opt/st/stm32cubeide_1.9.0/plugins/com.st.stm32cube.ide.mcu.externaltools.gnu-tools-for-stm32.10.3-2021.10.linux64_1.0.0.202111181127/tools/bin/../lib/gcc/arm-none-eabi/10.3.1/thumb/v7e-m+fp/hard/crtbegin.o
                0x00000000080043e0                PROVIDE (__init_array_end = .)
                0x00000000080043e0                . = ALIGN (0x4)

.fini_array     0x00000000080043e0        0x4
                0x00000000080043e0                . = ALIGN (0x4)
                [!provide]                        PROVIDE (__fini_array_start = .)
 *(SORT_BY_NAME(.fini_array.*))
 *(.fini_array*)
 .fini_array    0x00000000080043e0        0x4 /opt/st/stm32cubeide_1.9.0/plugins/com.st.stm32cube.ide.mcu.externaltools.gnu-tools-for-stm32.10.3-2021.10.linux64_1.0.0.202111181127/tools/bin/../lib/gcc/arm-none-eabi/10.3.1/thumb/v7e-m+fp/hard/crtbegin.o
                [!provide]                        PROVIDE (__fini_array_end = .)
                0x00000000080043e4                . = ALIGN (0x4)
                0x00000000080043e4                _sidata = LOADADDR (.data)

.data           0x0000000020000000       0x4c load address 0x00000000080043e4
                0x0000000020000000                . = ALIGN (0x4)
                0x0000000020000000                _sdata = .
 *(.data)
 *(.data*)
 .data.flag_digit_1
                0x0000000020000000        0x1 ./Core/Src/main.o
                0x0000000020000000                flag_digit_1
 *fill*         0x0000000020000001        0x3 
 .data.tx2_buffer
                0x0000000020000004        0xa ./Core/Src/main.o
                0x0000000020000004                tx2_buffer
 *fill*         0x000000002000000e        0x2 
 .data.tx1_buffer
                0x0000000020000010        0x6 ./Core/Src/main.o
                0x0000000020000010                tx1_buffer
 .data.TX1_delay_val
                0x0000000020000016        0x1 ./Core/Src/main.o
                0x0000000020000016                TX1_delay_val
 .data.TX2_delay_val
                0x0000000020000017        0x1 ./Core/Src/main.o
                0x0000000020000017                TX2_delay_val
 .data.seven_segment_table
                0x0000000020000018       0x11 ./Core/Src/main.o
                0x0000000020000018                seven_segment_table
 *fill*         0x0000000020000029        0x3 
 .data.digit_table
                0x000000002000002c       0x11 ./Core/Src/main.o
                0x000000002000002c                digit_table
 *fill*         0x000000002000003d        0x3 
 .data.SystemCoreClock
                0x0000000020000040        0x4 ./Core/Src/system_stm32f4xx.o
                0x0000000020000040                SystemCoreClock
 .data.uwTickPrio
                0x0000000020000044        0x4 ./Drivers/STM32F4xx_HAL_Driver/Src/stm32f4xx_hal.o
                0x0000000020000044                uwTickPrio
 .data.uwTickFreq
                0x0000000020000048        0x1 ./Drivers/STM32F4xx_HAL_Driver/Src/stm32f4xx_hal.o
                0x0000000020000048                uwTickFreq
 *(.RamFunc)
 *(.RamFunc*)
                0x000000002000004c                . = ALIGN (0x4)
 *fill*         0x0000000020000049        0x3 
                0x000000002000004c                _edata = .
                0x0000000008004430                _siccmram = LOADADDR (.ccmram)

.igot.plt       0x000000002000004c        0x0 load address 0x0000000008004430
 .igot.plt      0x000000002000004c        0x0 /opt/st/stm32cubeide_1.9.0/plugins/com.st.stm32cube.ide.mcu.externaltools.gnu-tools-for-stm32.10.3-2021.10.linux64_1.0.0.202111181127/tools/bin/../lib/gcc/arm-none-eabi/10.3.1/thumb/v7e-m+fp/hard/crtbegin.o

.ccmram         0x0000000010000000        0x0 load address 0x0000000008004430
                0x0000000010000000                . = ALIGN (0x4)
                0x0000000010000000                _sccmram = .
 *(.ccmram)
 *(.ccmram*)
                0x0000000010000000                . = ALIGN (0x4)
                0x0000000010000000                _eccmram = .
                0x0000000010000000                . = ALIGN (0x4)

.bss            0x000000002000004c      0x218
                0x000000002000004c                _sbss = .
                0x000000002000004c                __bss_start__ = _sbss
 *(.bss)
 .bss           0x000000002000004c       0x1c /opt/st/stm32cubeide_1.9.0/plugins/com.st.stm32cube.ide.mcu.externaltools.gnu-tools-for-stm32.10.3-2021.10.linux64_1.0.0.202111181127/tools/bin/../lib/gcc/arm-none-eabi/10.3.1/thumb/v7e-m+fp/hard/crtbegin.o
 *(.bss*)
 .bss.f_timer_100us
                0x0000000020000068        0x1 ./Core/Src/main.o
                0x0000000020000068                f_timer_100us
 .bss.f_timer_10ms
                0x0000000020000069        0x1 ./Core/Src/main.o
                0x0000000020000069                f_timer_10ms
 .bss.f_timer_20ms
                0x000000002000006a        0x1 ./Core/Src/main.o
                0x000000002000006a                f_timer_20ms
 .bss.f_timer_30ms
                0x000000002000006b        0x1 ./Core/Src/main.o
                0x000000002000006b                f_timer_30ms
 .bss.p_tx1     0x000000002000006c        0x1 ./Core/Src/main.o
                0x000000002000006c                p_tx1
 .bss.p_tx2     0x000000002000006d        0x1 ./Core/Src/main.o
                0x000000002000006d                p_tx2
 *fill*         0x000000002000006e        0x2 
 .bss.rx_buffer1
                0x0000000020000070       0x40 ./Core/Src/main.o
                0x0000000020000070                rx_buffer1
 .bss.rx_buffer2
                0x00000000200000b0       0x40 ./Core/Src/main.o
                0x00000000200000b0                rx_buffer2
 .bss.bufferEvent
                0x00000000200000f0       0x40 ./Core/Src/main.o
                0x00000000200000f0                bufferEvent
 .bss.d_timer_30ms
                0x0000000020000130        0x1 ./Core/Src/main.o
                0x0000000020000130                d_timer_30ms
 .bss.d_timer_20ms
                0x0000000020000131        0x1 ./Core/Src/main.o
                0x0000000020000131                d_timer_20ms
 .bss.d_timer_TX1
                0x0000000020000132        0x1 ./Core/Src/main.o
                0x0000000020000132                d_timer_TX1
 .bss.d_timer_TX2
                0x0000000020000133        0x1 ./Core/Src/main.o
                0x0000000020000133                d_timer_TX2
 .bss.key1_data
                0x0000000020000134        0x1 ./Core/Src/main.o
                0x0000000020000134                key1_data
 .bss.key2_data
                0x0000000020000135        0x1 ./Core/Src/main.o
                0x0000000020000135                key2_data
 .bss.state     0x0000000020000136        0x1 ./Core/Src/main.o
                0x0000000020000136                state
 .bss.event     0x0000000020000137        0x1 ./Core/Src/main.o
                0x0000000020000137                event
 .bss.e_rp      0x0000000020000138        0x1 ./Core/Src/main.o
                0x0000000020000138                e_rp
 .bss.e_wp      0x0000000020000139        0x1 ./Core/Src/main.o
                0x0000000020000139                e_wp
 .bss.rx1_rp    0x000000002000013a        0x1 ./Core/Src/main.o
                0x000000002000013a                rx1_rp
 .bss.rx1_wp    0x000000002000013b        0x1 ./Core/Src/main.o
                0x000000002000013b                rx1_wp
 .bss.rx2_rp    0x000000002000013c        0x1 ./Core/Src/main.o
                0x000000002000013c                rx2_rp
 .bss.rx2_wp    0x000000002000013d        0x1 ./Core/Src/main.o
                0x000000002000013d                rx2_wp
 .bss.digit1    0x000000002000013e        0x1 ./Core/Src/main.o
                0x000000002000013e                digit1
 .bss.digit2    0x000000002000013f        0x1 ./Core/Src/main.o
                0x000000002000013f                digit2
 .bss.is_EN     0x0000000020000140        0x1 ./Core/Src/main.o
                0x0000000020000140                is_EN
 .bss.lcd_digit1_f
                0x0000000020000141        0x1 ./Core/Src/main.o
                0x0000000020000141                lcd_digit1_f
 .bss.cmd       0x0000000020000142        0x1 ./Core/Src/main.o
                0x0000000020000142                cmd
 .bss.data      0x0000000020000143        0x1 ./Core/Src/main.o
                0x0000000020000143                data
 .bss.lcd_process
                0x0000000020000144        0x1 ./Core/Src/main.o
                0x0000000020000144                lcd_process
 *fill*         0x0000000020000145        0x3 
 .bss.htim3     0x0000000020000148       0x48 ./Core/Src/tim.o
                0x0000000020000148                htim3
 .bss.htim4     0x0000000020000190       0x48 ./Core/Src/tim.o
                0x0000000020000190                htim4
 .bss.huart4    0x00000000200001d8       0x44 ./Core/Src/usart.o
                0x00000000200001d8                huart4
 .bss.huart5    0x000000002000021c       0x44 ./Core/Src/usart.o
                0x000000002000021c                huart5
 .bss.uwTick    0x0000000020000260        0x4 ./Drivers/STM32F4xx_HAL_Driver/Src/stm32f4xx_hal.o
                0x0000000020000260                uwTick
 *(COMMON)
                0x0000000020000264                . = ALIGN (0x4)
                0x0000000020000264                _ebss = .
                0x0000000020000264                __bss_end__ = _ebss

._user_heap_stack
                0x0000000020000264      0x604
                0x0000000020000268                . = ALIGN (0x8)
 *fill*         0x0000000020000264        0x4 
                [!provide]                        PROVIDE (end = .)
                0x0000000020000268                PROVIDE (_end = .)
                0x0000000020000468                . = (. + _Min_Heap_Size)
 *fill*         0x0000000020000268      0x200 
                0x0000000020000868                . = (. + _Min_Stack_Size)
 *fill*         0x0000000020000468      0x400 
                0x0000000020000868                . = ALIGN (0x8)

/DISCARD/
 libc.a(*)
 libm.a(*)
 libgcc.a(*)

.ARM.attributes
                0x0000000000000000       0x30
 *(.ARM.attributes)
 .ARM.attributes
                0x0000000000000000       0x1e /opt/st/stm32cubeide_1.9.0/plugins/com.st.stm32cube.ide.mcu.externaltools.gnu-tools-for-stm32.10.3-2021.10.linux64_1.0.0.202111181127/tools/bin/../lib/gcc/arm-none-eabi/10.3.1/thumb/v7e-m+fp/hard/crti.o
 .ARM.attributes
                0x000000000000001e       0x34 /opt/st/stm32cubeide_1.9.0/plugins/com.st.stm32cube.ide.mcu.externaltools.gnu-tools-for-stm32.10.3-2021.10.linux64_1.0.0.202111181127/tools/bin/../lib/gcc/arm-none-eabi/10.3.1/thumb/v7e-m+fp/hard/crtbegin.o
 .ARM.attributes
                0x0000000000000052       0x34 ./Core/Src/gpio.o
 .ARM.attributes
                0x0000000000000086       0x34 ./Core/Src/lcd16x2.o
 .ARM.attributes
                0x00000000000000ba       0x34 ./Core/Src/main.o
 .ARM.attributes
                0x00000000000000ee       0x34 ./Core/Src/stm32f4xx_hal_msp.o
 .ARM.attributes
                0x0000000000000122       0x34 ./Core/Src/stm32f4xx_it.o
 .ARM.attributes
                0x0000000000000156       0x34 ./Core/Src/system_stm32f4xx.o
 .ARM.attributes
                0x000000000000018a       0x34 ./Core/Src/tim.o
 .ARM.attributes
                0x00000000000001be       0x34 ./Core/Src/usart.o
 .ARM.attributes
                0x00000000000001f2       0x21 ./Core/Startup/startup_stm32f429zitx.o
 .ARM.attributes
                0x0000000000000213       0x34 ./Drivers/STM32F4xx_HAL_Driver/Src/stm32f4xx_hal.o
 .ARM.attributes
                0x0000000000000247       0x34 ./Drivers/STM32F4xx_HAL_Driver/Src/stm32f4xx_hal_cortex.o
 .ARM.attributes
                0x000000000000027b       0x34 ./Drivers/STM32F4xx_HAL_Driver/Src/stm32f4xx_hal_dma.o
 .ARM.attributes
                0x00000000000002af       0x34 ./Drivers/STM32F4xx_HAL_Driver/Src/stm32f4xx_hal_gpio.o
 .ARM.attributes
                0x00000000000002e3       0x34 ./Drivers/STM32F4xx_HAL_Driver/Src/stm32f4xx_hal_rcc.o
 .ARM.attributes
                0x0000000000000317       0x34 ./Drivers/STM32F4xx_HAL_Driver/Src/stm32f4xx_hal_tim.o
 .ARM.attributes
                0x000000000000034b       0x34 ./Drivers/STM32F4xx_HAL_Driver/Src/stm32f4xx_hal_tim_ex.o
 .ARM.attributes
                0x000000000000037f       0x34 ./Drivers/STM32F4xx_HAL_Driver/Src/stm32f4xx_hal_uart.o
 .ARM.attributes
                0x00000000000003b3       0x34 /opt/st/stm32cubeide_1.9.0/plugins/com.st.stm32cube.ide.mcu.externaltools.gnu-tools-for-stm32.10.3-2021.10.linux64_1.0.0.202111181127/tools/bin/../lib/gcc/arm-none-eabi/10.3.1/../../../../arm-none-eabi/lib/thumb/v7e-m+fp/hard/libc_nano.a(lib_a-init.o)
 .ARM.attributes
                0x00000000000003e7       0x34 /opt/st/stm32cubeide_1.9.0/plugins/com.st.stm32cube.ide.mcu.externaltools.gnu-tools-for-stm32.10.3-2021.10.linux64_1.0.0.202111181127/tools/bin/../lib/gcc/arm-none-eabi/10.3.1/../../../../arm-none-eabi/lib/thumb/v7e-m+fp/hard/libc_nano.a(lib_a-memset.o)
 .ARM.attributes
                0x000000000000041b       0x1e /opt/st/stm32cubeide_1.9.0/plugins/com.st.stm32cube.ide.mcu.externaltools.gnu-tools-for-stm32.10.3-2021.10.linux64_1.0.0.202111181127/tools/bin/../lib/gcc/arm-none-eabi/10.3.1/thumb/v7e-m+fp/hard/libgcc.a(_aeabi_uldivmod.o)
 .ARM.attributes
                0x0000000000000439       0x34 /opt/st/stm32cubeide_1.9.0/plugins/com.st.stm32cube.ide.mcu.externaltools.gnu-tools-for-stm32.10.3-2021.10.linux64_1.0.0.202111181127/tools/bin/../lib/gcc/arm-none-eabi/10.3.1/thumb/v7e-m+fp/hard/libgcc.a(_udivmoddi4.o)
 .ARM.attributes
                0x000000000000046d       0x1e /opt/st/stm32cubeide_1.9.0/plugins/com.st.stm32cube.ide.mcu.externaltools.gnu-tools-for-stm32.10.3-2021.10.linux64_1.0.0.202111181127/tools/bin/../lib/gcc/arm-none-eabi/10.3.1/thumb/v7e-m+fp/hard/libgcc.a(_dvmd_tls.o)
 .ARM.attributes
                0x000000000000048b       0x1e /opt/st/stm32cubeide_1.9.0/plugins/com.st.stm32cube.ide.mcu.externaltools.gnu-tools-for-stm32.10.3-2021.10.linux64_1.0.0.202111181127/tools/bin/../lib/gcc/arm-none-eabi/10.3.1/thumb/v7e-m+fp/hard/crtn.o
OUTPUT(UART_7SEGMENT.elf elf32-littlearm)
LOAD linker stubs
LOAD /opt/st/stm32cubeide_1.9.0/plugins/com.st.stm32cube.ide.mcu.externaltools.gnu-tools-for-stm32.10.3-2021.10.linux64_1.0.0.202111181127/tools/bin/../lib/gcc/arm-none-eabi/10.3.1/../../../../arm-none-eabi/lib/thumb/v7e-m+fp/hard/libc.a
LOAD /opt/st/stm32cubeide_1.9.0/plugins/com.st.stm32cube.ide.mcu.externaltools.gnu-tools-for-stm32.10.3-2021.10.linux64_1.0.0.202111181127/tools/bin/../lib/gcc/arm-none-eabi/10.3.1/../../../../arm-none-eabi/lib/thumb/v7e-m+fp/hard/libm.a
LOAD /opt/st/stm32cubeide_1.9.0/plugins/com.st.stm32cube.ide.mcu.externaltools.gnu-tools-for-stm32.10.3-2021.10.linux64_1.0.0.202111181127/tools/bin/../lib/gcc/arm-none-eabi/10.3.1/thumb/v7e-m+fp/hard/libgcc.a

.debug_info     0x0000000000000000     0xeec6
 .debug_info    0x0000000000000000      0x4e4 ./Core/Src/gpio.o
 .debug_info    0x00000000000004e4      0x2c1 ./Core/Src/lcd16x2.o
 .debug_info    0x00000000000007a5     0x150c ./Core/Src/main.o
 .debug_info    0x0000000000001cb1      0x2d7 ./Core/Src/stm32f4xx_hal_msp.o
 .debug_info    0x0000000000001f88      0xa11 ./Core/Src/stm32f4xx_it.o
 .debug_info    0x0000000000002999      0x53f ./Core/Src/system_stm32f4xx.o
 .debug_info    0x0000000000002ed8      0xd18 ./Core/Src/tim.o
 .debug_info    0x0000000000003bf0      0xcde ./Core/Src/usart.o
 .debug_info    0x00000000000048ce       0x22 ./Core/Startup/startup_stm32f429zitx.o
 .debug_info    0x00000000000048f0      0x9f4 ./Drivers/STM32F4xx_HAL_Driver/Src/stm32f4xx_hal.o
 .debug_info    0x00000000000052e4      0xe51 ./Drivers/STM32F4xx_HAL_Driver/Src/stm32f4xx_hal_cortex.o
 .debug_info    0x0000000000006135      0x94f ./Drivers/STM32F4xx_HAL_Driver/Src/stm32f4xx_hal_dma.o
 .debug_info    0x0000000000006a84      0x786 ./Drivers/STM32F4xx_HAL_Driver/Src/stm32f4xx_hal_gpio.o
 .debug_info    0x000000000000720a      0x982 ./Drivers/STM32F4xx_HAL_Driver/Src/stm32f4xx_hal_rcc.o
 .debug_info    0x0000000000007b8c     0x2bbf ./Drivers/STM32F4xx_HAL_Driver/Src/stm32f4xx_hal_tim.o
 .debug_info    0x000000000000a74b     0x15e0 ./Drivers/STM32F4xx_HAL_Driver/Src/stm32f4xx_hal_tim_ex.o
 .debug_info    0x000000000000bd2b     0x319b ./Drivers/STM32F4xx_HAL_Driver/Src/stm32f4xx_hal_uart.o

.debug_abbrev   0x0000000000000000     0x20b7
 .debug_abbrev  0x0000000000000000      0x146 ./Core/Src/gpio.o
 .debug_abbrev  0x0000000000000146      0x162 ./Core/Src/lcd16x2.o
 .debug_abbrev  0x00000000000002a8      0x2ef ./Core/Src/main.o
 .debug_abbrev  0x0000000000000597       0xf0 ./Core/Src/stm32f4xx_hal_msp.o
 .debug_abbrev  0x0000000000000687      0x184 ./Core/Src/stm32f4xx_it.o
 .debug_abbrev  0x000000000000080b      0x116 ./Core/Src/system_stm32f4xx.o
 .debug_abbrev  0x0000000000000921      0x1eb ./Core/Src/tim.o
 .debug_abbrev  0x0000000000000b0c      0x1fe ./Core/Src/usart.o
 .debug_abbrev  0x0000000000000d0a       0x12 ./Core/Startup/startup_stm32f429zitx.o
 .debug_abbrev  0x0000000000000d1c      0x20d ./Drivers/STM32F4xx_HAL_Driver/Src/stm32f4xx_hal.o
 .debug_abbrev  0x0000000000000f29      0x316 ./Drivers/STM32F4xx_HAL_Driver/Src/stm32f4xx_hal_cortex.o
 .debug_abbrev  0x000000000000123f      0x25b ./Drivers/STM32F4xx_HAL_Driver/Src/stm32f4xx_hal_dma.o
 .debug_abbrev  0x000000000000149a      0x1c4 ./Drivers/STM32F4xx_HAL_Driver/Src/stm32f4xx_hal_gpio.o
 .debug_abbrev  0x000000000000165e      0x2aa ./Drivers/STM32F4xx_HAL_Driver/Src/stm32f4xx_hal_rcc.o
 .debug_abbrev  0x0000000000001908      0x25d ./Drivers/STM32F4xx_HAL_Driver/Src/stm32f4xx_hal_tim.o
 .debug_abbrev  0x0000000000001b65      0x265 ./Drivers/STM32F4xx_HAL_Driver/Src/stm32f4xx_hal_tim_ex.o
 .debug_abbrev  0x0000000000001dca      0x2ed ./Drivers/STM32F4xx_HAL_Driver/Src/stm32f4xx_hal_uart.o

.debug_aranges  0x0000000000000000      0xd48
 .debug_aranges
                0x0000000000000000       0x20 ./Core/Src/gpio.o
 .debug_aranges
                0x0000000000000020       0x50 ./Core/Src/lcd16x2.o
 .debug_aranges
                0x0000000000000070       0xb8 ./Core/Src/main.o
 .debug_aranges
                0x0000000000000128       0x20 ./Core/Src/stm32f4xx_hal_msp.o
 .debug_aranges
                0x0000000000000148       0x80 ./Core/Src/stm32f4xx_it.o
 .debug_aranges
                0x00000000000001c8       0x28 ./Core/Src/system_stm32f4xx.o
 .debug_aranges
                0x00000000000001f0       0x38 ./Core/Src/tim.o
 .debug_aranges
                0x0000000000000228       0x38 ./Core/Src/usart.o
 .debug_aranges
                0x0000000000000260       0x28 ./Core/Startup/startup_stm32f429zitx.o
 .debug_aranges
                0x0000000000000288      0x100 ./Drivers/STM32F4xx_HAL_Driver/Src/stm32f4xx_hal.o
 .debug_aranges
                0x0000000000000388      0x118 ./Drivers/STM32F4xx_HAL_Driver/Src/stm32f4xx_hal_cortex.o
 .debug_aranges
                0x00000000000004a0       0x90 ./Drivers/STM32F4xx_HAL_Driver/Src/stm32f4xx_hal_dma.o
 .debug_aranges
                0x0000000000000530       0x58 ./Drivers/STM32F4xx_HAL_Driver/Src/stm32f4xx_hal_gpio.o
 .debug_aranges
                0x0000000000000588       0x88 ./Drivers/STM32F4xx_HAL_Driver/Src/stm32f4xx_hal_rcc.o
 .debug_aranges
                0x0000000000000610      0x3d0 ./Drivers/STM32F4xx_HAL_Driver/Src/stm32f4xx_hal_tim.o
 .debug_aranges
                0x00000000000009e0      0x168 ./Drivers/STM32F4xx_HAL_Driver/Src/stm32f4xx_hal_tim_ex.o
 .debug_aranges
                0x0000000000000b48      0x200 ./Drivers/STM32F4xx_HAL_Driver/Src/stm32f4xx_hal_uart.o

.debug_ranges   0x0000000000000000      0xc70
 .debug_ranges  0x0000000000000000       0x10 ./Core/Src/gpio.o
 .debug_ranges  0x0000000000000010       0x40 ./Core/Src/lcd16x2.o
 .debug_ranges  0x0000000000000050       0xa8 ./Core/Src/main.o
 .debug_ranges  0x00000000000000f8       0x10 ./Core/Src/stm32f4xx_hal_msp.o
 .debug_ranges  0x0000000000000108       0x70 ./Core/Src/stm32f4xx_it.o
 .debug_ranges  0x0000000000000178       0x18 ./Core/Src/system_stm32f4xx.o
 .debug_ranges  0x0000000000000190       0x28 ./Core/Src/tim.o
 .debug_ranges  0x00000000000001b8       0x28 ./Core/Src/usart.o
 .debug_ranges  0x00000000000001e0       0x20 ./Core/Startup/startup_stm32f429zitx.o
 .debug_ranges  0x0000000000000200       0xf0 ./Drivers/STM32F4xx_HAL_Driver/Src/stm32f4xx_hal.o
 .debug_ranges  0x00000000000002f0      0x108 ./Drivers/STM32F4xx_HAL_Driver/Src/stm32f4xx_hal_cortex.o
 .debug_ranges  0x00000000000003f8       0x80 ./Drivers/STM32F4xx_HAL_Driver/Src/stm32f4xx_hal_dma.o
 .debug_ranges  0x0000000000000478       0x48 ./Drivers/STM32F4xx_HAL_Driver/Src/stm32f4xx_hal_gpio.o
 .debug_ranges  0x00000000000004c0       0x78 ./Drivers/STM32F4xx_HAL_Driver/Src/stm32f4xx_hal_rcc.o
 .debug_ranges  0x0000000000000538      0x3c0 ./Drivers/STM32F4xx_HAL_Driver/Src/stm32f4xx_hal_tim.o
 .debug_ranges  0x00000000000008f8      0x158 ./Drivers/STM32F4xx_HAL_Driver/Src/stm32f4xx_hal_tim_ex.o
 .debug_ranges  0x0000000000000a50      0x220 ./Drivers/STM32F4xx_HAL_Driver/Src/stm32f4xx_hal_uart.o

.debug_macro    0x0000000000000000    0x23175
 .debug_macro   0x0000000000000000      0x1e7 ./Core/Src/gpio.o
 .debug_macro   0x00000000000001e7      0xa78 ./Core/Src/gpio.o
 .debug_macro   0x0000000000000c5f      0x29b ./Core/Src/gpio.o
 .debug_macro   0x0000000000000efa       0x2e ./Core/Src/gpio.o
 .debug_macro   0x0000000000000f28       0x28 ./Core/Src/gpio.o
 .debug_macro   0x0000000000000f50       0x22 ./Core/Src/gpio.o
 .debug_macro   0x0000000000000f72       0x8e ./Core/Src/gpio.o
 .debug_macro   0x0000000000001000       0x51 ./Core/Src/gpio.o
 .debug_macro   0x0000000000001051      0x103 ./Core/Src/gpio.o
 .debug_macro   0x0000000000001154       0x6a ./Core/Src/gpio.o
 .debug_macro   0x00000000000011be      0x1df ./Core/Src/gpio.o
 .debug_macro   0x000000000000139d       0x1c ./Core/Src/gpio.o
 .debug_macro   0x00000000000013b9       0x22 ./Core/Src/gpio.o
 .debug_macro   0x00000000000013db       0xd9 ./Core/Src/gpio.o
 .debug_macro   0x00000000000014b4     0x102d ./Core/Src/gpio.o
 .debug_macro   0x00000000000024e1      0x11f ./Core/Src/gpio.o
 .debug_macro   0x0000000000002600    0x17f91 ./Core/Src/gpio.o
 .debug_macro   0x000000000001a591       0x6d ./Core/Src/gpio.o
 .debug_macro   0x000000000001a5fe     0x36dd ./Core/Src/gpio.o
 .debug_macro   0x000000000001dcdb      0x174 ./Core/Src/gpio.o
 .debug_macro   0x000000000001de4f       0x5c ./Core/Src/gpio.o
 .debug_macro   0x000000000001deab      0xca5 ./Core/Src/gpio.o
 .debug_macro   0x000000000001eb50      0x9fe ./Core/Src/gpio.o
 .debug_macro   0x000000000001f54e      0x116 ./Core/Src/gpio.o
 .debug_macro   0x000000000001f664      0x157 ./Core/Src/gpio.o
 .debug_macro   0x000000000001f7bb       0xa5 ./Core/Src/gpio.o
 .debug_macro   0x000000000001f860      0x182 ./Core/Src/gpio.o
 .debug_macro   0x000000000001f9e2      0x287 ./Core/Src/gpio.o
 .debug_macro   0x000000000001fc69       0x5f ./Core/Src/gpio.o
 .debug_macro   0x000000000001fcc8      0x236 ./Core/Src/gpio.o
 .debug_macro   0x000000000001fefe      0x132 ./Core/Src/gpio.o
 .debug_macro   0x0000000000020030      0x41d ./Core/Src/gpio.o
 .debug_macro   0x000000000002044d       0x2e ./Core/Src/gpio.o
 .debug_macro   0x000000000002047b      0x11a ./Core/Src/gpio.o
 .debug_macro   0x0000000000020595       0xe2 ./Core/Src/gpio.o
 .debug_macro   0x0000000000020677       0x89 ./Core/Src/gpio.o
 .debug_macro   0x0000000000020700      0x8d1 ./Core/Src/gpio.o
 .debug_macro   0x0000000000020fd1       0x47 ./Core/Src/gpio.o
 .debug_macro   0x0000000000021018      0x295 ./Core/Src/gpio.o
 .debug_macro   0x00000000000212ad      0x134 ./Core/Src/gpio.o
 .debug_macro   0x00000000000213e1      0x142 ./Core/Src/gpio.o
 .debug_macro   0x0000000000021523      0x1e7 ./Core/Src/lcd16x2.o
 .debug_macro   0x000000000002170a      0x209 ./Core/Src/main.o
 .debug_macro   0x0000000000021913      0x1dd ./Core/Src/stm32f4xx_hal_msp.o
 .debug_macro   0x0000000000021af0      0x1e7 ./Core/Src/stm32f4xx_it.o
 .debug_macro   0x0000000000021cd7      0x1ce ./Core/Src/system_stm32f4xx.o
 .debug_macro   0x0000000000021ea5      0x1e7 ./Core/Src/tim.o
 .debug_macro   0x000000000002208c      0x1e7 ./Core/Src/usart.o
 .debug_macro   0x0000000000022273      0x22e ./Drivers/STM32F4xx_HAL_Driver/Src/stm32f4xx_hal.o
 .debug_macro   0x00000000000224a1      0x1ce ./Drivers/STM32F4xx_HAL_Driver/Src/stm32f4xx_hal_cortex.o
 .debug_macro   0x000000000002266f      0x1d4 ./Drivers/STM32F4xx_HAL_Driver/Src/stm32f4xx_hal_dma.o
 .debug_macro   0x0000000000022843      0x1d4 ./Drivers/STM32F4xx_HAL_Driver/Src/stm32f4xx_hal_gpio.o
 .debug_macro   0x0000000000022a17      0x1f2 ./Drivers/STM32F4xx_HAL_Driver/Src/stm32f4xx_hal_rcc.o
 .debug_macro   0x0000000000022c09      0x1cf ./Drivers/STM32F4xx_HAL_Driver/Src/stm32f4xx_hal_tim.o
 .debug_macro   0x0000000000022dd8      0x1ce ./Drivers/STM32F4xx_HAL_Driver/Src/stm32f4xx_hal_tim_ex.o
 .debug_macro   0x0000000000022fa6      0x1cf ./Drivers/STM32F4xx_HAL_Driver/Src/stm32f4xx_hal_uart.o

.debug_line     0x0000000000000000     0xf603
 .debug_line    0x0000000000000000      0x6cc ./Core/Src/gpio.o
 .debug_line    0x00000000000006cc      0x775 ./Core/Src/lcd16x2.o
 .debug_line    0x0000000000000e41      0xc25 ./Core/Src/main.o
 .debug_line    0x0000000000001a66      0x694 ./Core/Src/stm32f4xx_hal_msp.o
 .debug_line    0x00000000000020fa      0x7b6 ./Core/Src/stm32f4xx_it.o
 .debug_line    0x00000000000028b0      0x715 ./Core/Src/system_stm32f4xx.o
 .debug_line    0x0000000000002fc5      0x775 ./Core/Src/tim.o
 .debug_line    0x000000000000373a      0x77f ./Core/Src/usart.o
 .debug_line    0x0000000000003eb9       0x88 ./Core/Startup/startup_stm32f429zitx.o
 .debug_line    0x0000000000003f41      0x9b1 ./Drivers/STM32F4xx_HAL_Driver/Src/stm32f4xx_hal.o
 .debug_line    0x00000000000048f2      0xc2a ./Drivers/STM32F4xx_HAL_Driver/Src/stm32f4xx_hal_cortex.o
 .debug_line    0x000000000000551c      0xee2 ./Drivers/STM32F4xx_HAL_Driver/Src/stm32f4xx_hal_dma.o
 .debug_line    0x00000000000063fe      0xb19 ./Drivers/STM32F4xx_HAL_Driver/Src/stm32f4xx_hal_gpio.o
 .debug_line    0x0000000000006f17      0xcf7 ./Drivers/STM32F4xx_HAL_Driver/Src/stm32f4xx_hal_rcc.o
 .debug_line    0x0000000000007c0e     0x367b ./Drivers/STM32F4xx_HAL_Driver/Src/stm32f4xx_hal_tim.o
 .debug_line    0x000000000000b289     0x1978 ./Drivers/STM32F4xx_HAL_Driver/Src/stm32f4xx_hal_tim_ex.o
 .debug_line    0x000000000000cc01     0x2a02 ./Drivers/STM32F4xx_HAL_Driver/Src/stm32f4xx_hal_uart.o

.debug_str      0x0000000000000000    0xd643b
 .debug_str     0x0000000000000000    0xd269a ./Core/Src/gpio.o
                                      0xd290d (size before relaxing)
 .debug_str     0x00000000000d269a       0x70 ./Core/Src/lcd16x2.o
                                      0xd2803 (size before relaxing)
 .debug_str     0x00000000000d270a      0xbd3 ./Core/Src/main.o
                                      0xd3592 (size before relaxing)
 .debug_str     0x00000000000d32dd       0x49 ./Core/Src/stm32f4xx_hal_msp.o
                                      0xd285f (size before relaxing)
 .debug_str     0x00000000000d3326      0x132 ./Core/Src/stm32f4xx_it.o
                                      0xd2f68 (size before relaxing)
 .debug_str     0x00000000000d3458       0xdb ./Core/Src/system_stm32f4xx.o
                                      0xd2513 (size before relaxing)
 .debug_str     0x00000000000d3533      0x6c1 ./Core/Src/tim.o
                                      0xd348e (size before relaxing)
 .debug_str     0x00000000000d3bf4       0x61 ./Core/Src/usart.o
                                      0xd3349 (size before relaxing)
 .debug_str     0x00000000000d3c55       0x36 ./Core/Startup/startup_stm32f429zitx.o
                                         0x5a (size before relaxing)
 .debug_str     0x00000000000d3c8b      0x62b ./Drivers/STM32F4xx_HAL_Driver/Src/stm32f4xx_hal.o
                                      0xd3136 (size before relaxing)
 .debug_str     0x00000000000d42b6      0x32d ./Drivers/STM32F4xx_HAL_Driver/Src/stm32f4xx_hal_cortex.o
                                      0xd2e1b (size before relaxing)
 .debug_str     0x00000000000d45e3      0x323 ./Drivers/STM32F4xx_HAL_Driver/Src/stm32f4xx_hal_dma.o
                                      0xd291a (size before relaxing)
 .debug_str     0x00000000000d4906      0x121 ./Drivers/STM32F4xx_HAL_Driver/Src/stm32f4xx_hal_gpio.o
                                      0xd268e (size before relaxing)
 .debug_str     0x00000000000d4a27      0x233 ./Drivers/STM32F4xx_HAL_Driver/Src/stm32f4xx_hal_rcc.o
                                      0xd2947 (size before relaxing)
 .debug_str     0x00000000000d4c5a      0xda3 ./Drivers/STM32F4xx_HAL_Driver/Src/stm32f4xx_hal_tim.o
                                      0xd387a (size before relaxing)
 .debug_str     0x00000000000d59fd      0x493 ./Drivers/STM32F4xx_HAL_Driver/Src/stm32f4xx_hal_tim_ex.o
                                      0xd3096 (size before relaxing)
 .debug_str     0x00000000000d5e90      0x5ab ./Drivers/STM32F4xx_HAL_Driver/Src/stm32f4xx_hal_uart.o
                                      0xd2ed3 (size before relaxing)

.comment        0x0000000000000000       0x50
 .comment       0x0000000000000000       0x50 ./Core/Src/gpio.o
                                         0x51 (size before relaxing)
 .comment       0x0000000000000050       0x51 ./Core/Src/lcd16x2.o
 .comment       0x0000000000000050       0x51 ./Core/Src/main.o
 .comment       0x0000000000000050       0x51 ./Core/Src/stm32f4xx_hal_msp.o
 .comment       0x0000000000000050       0x51 ./Core/Src/stm32f4xx_it.o
 .comment       0x0000000000000050       0x51 ./Core/Src/system_stm32f4xx.o
 .comment       0x0000000000000050       0x51 ./Core/Src/tim.o
 .comment       0x0000000000000050       0x51 ./Core/Src/usart.o
 .comment       0x0000000000000050       0x51 ./Drivers/STM32F4xx_HAL_Driver/Src/stm32f4xx_hal.o
 .comment       0x0000000000000050       0x51 ./Drivers/STM32F4xx_HAL_Driver/Src/stm32f4xx_hal_cortex.o
 .comment       0x0000000000000050       0x51 ./Drivers/STM32F4xx_HAL_Driver/Src/stm32f4xx_hal_dma.o
 .comment       0x0000000000000050       0x51 ./Drivers/STM32F4xx_HAL_Driver/Src/stm32f4xx_hal_gpio.o
 .comment       0x0000000000000050       0x51 ./Drivers/STM32F4xx_HAL_Driver/Src/stm32f4xx_hal_rcc.o
 .comment       0x0000000000000050       0x51 ./Drivers/STM32F4xx_HAL_Driver/Src/stm32f4xx_hal_tim.o
 .comment       0x0000000000000050       0x51 ./Drivers/STM32F4xx_HAL_Driver/Src/stm32f4xx_hal_tim_ex.o
 .comment       0x0000000000000050       0x51 ./Drivers/STM32F4xx_HAL_Driver/Src/stm32f4xx_hal_uart.o

.debug_frame    0x0000000000000000     0x36ac
 .debug_frame   0x0000000000000000       0x34 ./Core/Src/gpio.o
 .debug_frame   0x0000000000000034       0xfc ./Core/Src/lcd16x2.o
 .debug_frame   0x0000000000000130      0x29c ./Core/Src/main.o
 .debug_frame   0x00000000000003cc       0x34 ./Core/Src/stm32f4xx_hal_msp.o
 .debug_frame   0x0000000000000400      0x174 ./Core/Src/stm32f4xx_it.o
 .debug_frame   0x0000000000000574       0x58 ./Core/Src/system_stm32f4xx.o
 .debug_frame   0x00000000000005cc       0xa0 ./Core/Src/tim.o
 .debug_frame   0x000000000000066c       0x90 ./Core/Src/usart.o
 .debug_frame   0x00000000000006fc      0x3b4 ./Drivers/STM32F4xx_HAL_Driver/Src/stm32f4xx_hal.o
 .debug_frame   0x0000000000000ab0      0x498 ./Drivers/STM32F4xx_HAL_Driver/Src/stm32f4xx_hal_cortex.o
 .debug_frame   0x0000000000000f48      0x250 ./Drivers/STM32F4xx_HAL_Driver/Src/stm32f4xx_hal_dma.o
 .debug_frame   0x0000000000001198      0x14c ./Drivers/STM32F4xx_HAL_Driver/Src/stm32f4xx_hal_gpio.o
 .debug_frame   0x00000000000012e4      0x1f4 ./Drivers/STM32F4xx_HAL_Driver/Src/stm32f4xx_hal_rcc.o
 .debug_frame   0x00000000000014d8     0x11c4 ./Drivers/STM32F4xx_HAL_Driver/Src/stm32f4xx_hal_tim.o
 .debug_frame   0x000000000000269c      0x638 ./Drivers/STM32F4xx_HAL_Driver/Src/stm32f4xx_hal_tim_ex.o
 .debug_frame   0x0000000000002cd4      0x92c ./Drivers/STM32F4xx_HAL_Driver/Src/stm32f4xx_hal_uart.o
 .debug_frame   0x0000000000003600       0x2c /opt/st/stm32cubeide_1.9.0/plugins/com.st.stm32cube.ide.mcu.externaltools.gnu-tools-for-stm32.10.3-2021.10.linux64_1.0.0.202111181127/tools/bin/../lib/gcc/arm-none-eabi/10.3.1/../../../../arm-none-eabi/lib/thumb/v7e-m+fp/hard/libc_nano.a(lib_a-init.o)
 .debug_frame   0x000000000000362c       0x20 /opt/st/stm32cubeide_1.9.0/plugins/com.st.stm32cube.ide.mcu.externaltools.gnu-tools-for-stm32.10.3-2021.10.linux64_1.0.0.202111181127/tools/bin/../lib/gcc/arm-none-eabi/10.3.1/../../../../arm-none-eabi/lib/thumb/v7e-m+fp/hard/libc_nano.a(lib_a-memset.o)
 .debug_frame   0x000000000000364c       0x2c /opt/st/stm32cubeide_1.9.0/plugins/com.st.stm32cube.ide.mcu.externaltools.gnu-tools-for-stm32.10.3-2021.10.linux64_1.0.0.202111181127/tools/bin/../lib/gcc/arm-none-eabi/10.3.1/thumb/v7e-m+fp/hard/libgcc.a(_aeabi_uldivmod.o)
 .debug_frame   0x0000000000003678       0x34 /opt/st/stm32cubeide_1.9.0/plugins/com.st.stm32cube.ide.mcu.externaltools.gnu-tools-for-stm32.10.3-2021.10.linux64_1.0.0.202111181127/tools/bin/../lib/gcc/arm-none-eabi/10.3.1/thumb/v7e-m+fp/hard/libgcc.a(_udivmoddi4.o)
