../Core/Src/main.c:147:5:main	8	static
../Core/Src/main.c:224:6:SystemClock_Config	88	static
../Core/Src/main.c:266:6:uart_RX2_task	4	static
../Core/Src/main.c:303:6:uart_RX1_task	4	static
../Core/Src/main.c:351:6:segment_display_task	8	static
../Core/Src/main.c:368:6:lcd_display_task	8	static
../Core/Src/main.c:404:6:m_send_to_lcd	16	static
../Core/Src/main.c:430:6:task_timer	8	static
../Core/Src/main.c:470:6:key_read_task	16	static
../Core/Src/main.c:510:6:main_task	8	static
../Core/Src/main.c:613:6:TX1_delay_update	4	static
../Core/Src/main.c:620:6:TX2_delay_update	4	static
../Core/Src/main.c:627:6:uart_TX1_task	8	static
../Core/Src/main.c:638:6:uart_TX2_task	8	static
../Core/Src/main.c:649:6:setEvent	16	static
../Core/Src/main.c:660:15:getEvent	16	static
../Core/Src/main.c:671:6:seven_segment_driver	24	static
../Core/Src/main.c:689:6:HAL_TIM_PeriodElapsedCallback	16	static
../Core/Src/main.c:705:6:HAL_UART_RxCpltCallback	16	static
../Core/Src/main.c:733:6:Error_Handler	4	static,ignoring_inline_asm
